// Jest Snapshot v1, https://goo.gl/fbAQLP

exports[`<SearchBar /> match snapshot 1`] = `
<div>
  <div
    class="card-container"
    data-testid="card-test"
  >
    <div
      class="image-block"
      data-testid="image-test"
    />
    <input
      data-testid="input-test"
      type="checkbox"
    />
    <div
      class="text-block"
    >
      <h5
        data-testid="name-test"
      >
        fakeName
      </h5>
      <h6
        data-testid="chineseName-test"
      >
        fackeChineseName
      </h6>
    </div>
  </div>
</div>
`;
