// Jest Snapshot v1, https://goo.gl/fbAQLP

exports[`<Button select={true}/> match snapshot 1`] = `
<div>
  <div
    class="total-wrap"
  >
    <p
      data-testid="items-test"
    >
      4
       items
    </p>
    <div
      class="button"
      data-testid="button-test"
    >
      click!
    </div>
  </div>
</div>
`;
